[
  "zx_channel_read",
  "zx_channel_write",
  "zx_clock_get_monotonic",
  "zx_exception_get_string",
  "zx_handle_close_many",
  "zx_ktrace_control",
  "zx_nanosleep",
  "zx_process_exit",
  "zx_status_get_string",
  "zx_syscall_next",
  "zx_syscall_test0",
  "zx_syscall_test1",
  "zx_syscall_test2",
  "zx_system_get_page_size"
]
